
*** Running vivado
    with args -log project_reti_logiche.vds -m64 -mode batch -messageDb vivado.pb -notrace -source project_reti_logiche.tcl


****** Vivado v2016.1 (64-bit)
  **** SW Build 1538259 on Fri Apr  8 15:45:23 MDT 2016
  **** IP Build 1537824 on Fri Apr  8 04:28:57 MDT 2016
    ** Copyright 1986-2016 Xilinx, Inc. All Rights Reserved.

source project_reti_logiche.tcl -notrace
Command: synth_design -top project_reti_logiche -part xc7a200tfbg484-1
Starting synth_design
Attempting to get a license for feature 'Synthesis' and/or device 'xc7a200t'
INFO: [Common 17-349] Got license for feature 'Synthesis' and/or device 'xc7a200t'
INFO: Launching helper process for spawning children vivado processes
INFO: Helper process launched with PID 105886 
---------------------------------------------------------------------------------
Starting RTL Elaboration : Time (s): cpu = 00:00:05 ; elapsed = 00:00:05 . Memory (MB): peak = 983.555 ; gain = 126.086 ; free physical = 814 ; free virtual = 5464
---------------------------------------------------------------------------------
INFO: [Synth 8-638] synthesizing module 'project_reti_logiche' [/media/federico/Shared/Projects/reti_logiche_project/RL.srcs/sources_1/new/10806848.vhd:23]
INFO: [Synth 8-226] default block is never used [/media/federico/Shared/Projects/reti_logiche_project/RL.srcs/sources_1/new/10806848.vhd:83]
INFO: [Synth 8-226] default block is never used [/media/federico/Shared/Projects/reti_logiche_project/RL.srcs/sources_1/new/10806848.vhd:105]
INFO: [Synth 8-226] default block is never used [/media/federico/Shared/Projects/reti_logiche_project/RL.srcs/sources_1/new/10806848.vhd:122]
INFO: [Synth 8-226] default block is never used [/media/federico/Shared/Projects/reti_logiche_project/RL.srcs/sources_1/new/10806848.vhd:128]
INFO: [Synth 8-226] default block is never used [/media/federico/Shared/Projects/reti_logiche_project/RL.srcs/sources_1/new/10806848.vhd:137]
WARNING: [Synth 8-614] signal 'my_rst' is read in the process but is not in the sensitivity list [/media/federico/Shared/Projects/reti_logiche_project/RL.srcs/sources_1/new/10806848.vhd:143]
WARNING: [Synth 8-614] signal 'o_reg_add' is read in the process but is not in the sensitivity list [/media/federico/Shared/Projects/reti_logiche_project/RL.srcs/sources_1/new/10806848.vhd:200]
WARNING: [Synth 8-614] signal 'o_reg_data' is read in the process but is not in the sensitivity list [/media/federico/Shared/Projects/reti_logiche_project/RL.srcs/sources_1/new/10806848.vhd:200]
WARNING: [Synth 8-614] signal 'o_reg_c' is read in the process but is not in the sensitivity list [/media/federico/Shared/Projects/reti_logiche_project/RL.srcs/sources_1/new/10806848.vhd:200]
INFO: [Synth 8-256] done synthesizing module 'project_reti_logiche' (1#1) [/media/federico/Shared/Projects/reti_logiche_project/RL.srcs/sources_1/new/10806848.vhd:23]
---------------------------------------------------------------------------------
Finished RTL Elaboration : Time (s): cpu = 00:00:06 ; elapsed = 00:00:06 . Memory (MB): peak = 1023.992 ; gain = 166.523 ; free physical = 771 ; free virtual = 5423
---------------------------------------------------------------------------------

Report Check Netlist: 
+------+------------------+-------+---------+-------+------------------+
|      |Item              |Errors |Warnings |Status |Description       |
+------+------------------+-------+---------+-------+------------------+
|1     |multi_driven_nets |      0|        0|Passed |Multi driven nets |
+------+------------------+-------+---------+-------+------------------+
---------------------------------------------------------------------------------
Finished RTL Optimization Phase 1 : Time (s): cpu = 00:00:06 ; elapsed = 00:00:06 . Memory (MB): peak = 1023.992 ; gain = 166.523 ; free physical = 771 ; free virtual = 5423
---------------------------------------------------------------------------------
INFO: [Device 21-403] Loading part xc7a200tfbg484-1
INFO: [Project 1-570] Preparing netlist for logic optimization

Processing XDC Constraints
Initializing timing engine
Parsing XDC File [/media/federico/Shared/Projects/reti_logiche_project/RL.srcs/constrs_1/new/clock.xdc]
Finished Parsing XDC File [/media/federico/Shared/Projects/reti_logiche_project/RL.srcs/constrs_1/new/clock.xdc]
Completed Processing XDC Constraints

INFO: [Project 1-111] Unisim Transformation Summary:
No Unisim elements were transformed.

Constraint Validation Runtime : Time (s): cpu = 00:00:00.01 ; elapsed = 00:00:00.01 . Memory (MB): peak = 1400.332 ; gain = 0.000 ; free physical = 534 ; free virtual = 5230
---------------------------------------------------------------------------------
Finished Constraint Validation : Time (s): cpu = 00:00:15 ; elapsed = 00:00:15 . Memory (MB): peak = 1400.332 ; gain = 542.863 ; free physical = 531 ; free virtual = 5228
---------------------------------------------------------------------------------
---------------------------------------------------------------------------------
Start Loading Part and Timing Information
---------------------------------------------------------------------------------
Loading part: xc7a200tfbg484-1
---------------------------------------------------------------------------------
Finished Loading Part and Timing Information : Time (s): cpu = 00:00:15 ; elapsed = 00:00:15 . Memory (MB): peak = 1400.332 ; gain = 542.863 ; free physical = 531 ; free virtual = 5228
---------------------------------------------------------------------------------
---------------------------------------------------------------------------------
Start Applying 'set_property' XDC Constraints
---------------------------------------------------------------------------------
---------------------------------------------------------------------------------
Finished applying 'set_property' XDC Constraints : Time (s): cpu = 00:00:15 ; elapsed = 00:00:15 . Memory (MB): peak = 1400.332 ; gain = 542.863 ; free physical = 531 ; free virtual = 5228
---------------------------------------------------------------------------------
INFO: [Synth 8-802] inferred FSM for state register 'cur_state_reg' in module 'project_reti_logiche'
INFO: [Synth 8-5546] ROM "c_check_zero_sel" won't be mapped to RAM because it is too sparse
INFO: [Synth 8-5546] ROM "o_end" won't be mapped to RAM because it is too sparse
INFO: [Synth 8-5544] ROM "next_state" won't be mapped to Block RAM because address size (1) smaller than threshold (5)
---------------------------------------------------------------------------------------------------
                   State |                     New Encoding |                Previous Encoding 
---------------------------------------------------------------------------------------------------
                      s0 |                             0000 |                             0000
                      s1 |                             0001 |                             0001
                      s2 |                             0010 |                             0010
                      sf |                             0011 |                             0111
                      sn |                             0100 |                             1000
                      s3 |                             0101 |                             0011
                      s4 |                             0110 |                             0100
                      s5 |                             0111 |                             0101
                      s6 |                             1000 |                             0110
---------------------------------------------------------------------------------------------------
INFO: [Synth 8-3354] encoded FSM with state register 'cur_state_reg' using encoding 'sequential' in module 'project_reti_logiche'
---------------------------------------------------------------------------------
Finished RTL Optimization Phase 2 : Time (s): cpu = 00:00:15 ; elapsed = 00:00:15 . Memory (MB): peak = 1400.332 ; gain = 542.863 ; free physical = 516 ; free virtual = 5212
---------------------------------------------------------------------------------

Report RTL Partitions: 
+-+--------------+------------+----------+
| |RTL Partition |Replication |Instances |
+-+--------------+------------+----------+
+-+--------------+------------+----------+
---------------------------------------------------------------------------------
Start RTL Component Statistics 
---------------------------------------------------------------------------------
Detailed RTL Component Info : 
+---Adders : 
	   2 Input     16 Bit       Adders := 1     
	   2 Input     10 Bit       Adders := 1     
	   2 Input      8 Bit       Adders := 1     
+---Registers : 
	               10 Bit    Registers := 1     
	                8 Bit    Registers := 2     
+---Muxes : 
	   9 Input     16 Bit        Muxes := 1     
	   2 Input     10 Bit        Muxes := 1     
	   2 Input      8 Bit        Muxes := 3     
	   9 Input      8 Bit        Muxes := 1     
	  10 Input      4 Bit        Muxes := 1     
	   2 Input      1 Bit        Muxes := 2     
	   9 Input      1 Bit        Muxes := 9     
---------------------------------------------------------------------------------
Finished RTL Component Statistics 
---------------------------------------------------------------------------------
---------------------------------------------------------------------------------
Start RTL Hierarchical Component Statistics 
---------------------------------------------------------------------------------
Hierarchical RTL Component report 
Module project_reti_logiche 
Detailed RTL Component Info : 
+---Adders : 
	   2 Input     16 Bit       Adders := 1     
	   2 Input     10 Bit       Adders := 1     
	   2 Input      8 Bit       Adders := 1     
+---Registers : 
	               10 Bit    Registers := 1     
	                8 Bit    Registers := 2     
+---Muxes : 
	   9 Input     16 Bit        Muxes := 1     
	   2 Input     10 Bit        Muxes := 1     
	   2 Input      8 Bit        Muxes := 3     
	   9 Input      8 Bit        Muxes := 1     
	  10 Input      4 Bit        Muxes := 1     
	   2 Input      1 Bit        Muxes := 2     
	   9 Input      1 Bit        Muxes := 9     
---------------------------------------------------------------------------------
Finished RTL Hierarchical Component Statistics
---------------------------------------------------------------------------------
---------------------------------------------------------------------------------
Start Part Resource Summary
---------------------------------------------------------------------------------
Part Resources:
DSPs: 740 (col length:100)
BRAMs: 730 (col length: RAMB18 100 RAMB36 50)
---------------------------------------------------------------------------------
Finished Part Resource Summary
---------------------------------------------------------------------------------
Start Parallel Synthesis Optimization  : Time (s): cpu = 00:00:15 ; elapsed = 00:00:15 . Memory (MB): peak = 1400.332 ; gain = 542.863 ; free physical = 516 ; free virtual = 5213
---------------------------------------------------------------------------------
Start Cross Boundary Optimization
---------------------------------------------------------------------------------
INFO: [Synth 8-5546] ROM "c_check_zero_sel" won't be mapped to RAM because it is too sparse
INFO: [Synth 8-5546] ROM "o_end" won't be mapped to RAM because it is too sparse
---------------------------------------------------------------------------------
Finished Cross Boundary Optimization : Time (s): cpu = 00:00:15 ; elapsed = 00:00:15 . Memory (MB): peak = 1400.332 ; gain = 542.863 ; free physical = 516 ; free virtual = 5213
---------------------------------------------------------------------------------
Finished Parallel Reinference  : Time (s): cpu = 00:00:15 ; elapsed = 00:00:15 . Memory (MB): peak = 1400.332 ; gain = 542.863 ; free physical = 515 ; free virtual = 5212

Report RTL Partitions: 
+-+--------------+------------+----------+
| |RTL Partition |Replication |Instances |
+-+--------------+------------+----------+
+-+--------------+------------+----------+
---------------------------------------------------------------------------------
Start Area Optimization
---------------------------------------------------------------------------------
WARNING: [Synth 8-3332] Sequential element (o_reg_c_reg[7]) is unused and will be removed from module project_reti_logiche.
WARNING: [Synth 8-3332] Sequential element (o_reg_c_reg[6]) is unused and will be removed from module project_reti_logiche.
WARNING: [Synth 8-3332] Sequential element (o_reg_c_reg[5]) is unused and will be removed from module project_reti_logiche.
---------------------------------------------------------------------------------
Finished Area Optimization : Time (s): cpu = 00:00:15 ; elapsed = 00:00:16 . Memory (MB): peak = 1400.332 ; gain = 542.863 ; free physical = 498 ; free virtual = 5197
---------------------------------------------------------------------------------
Finished Parallel Area Optimization  : Time (s): cpu = 00:00:15 ; elapsed = 00:00:16 . Memory (MB): peak = 1400.332 ; gain = 542.863 ; free physical = 498 ; free virtual = 5197

Report RTL Partitions: 
+-+--------------+------------+----------+
| |RTL Partition |Replication |Instances |
+-+--------------+------------+----------+
+-+--------------+------------+----------+
---------------------------------------------------------------------------------
Start Timing Optimization
---------------------------------------------------------------------------------
---------------------------------------------------------------------------------
Start Applying XDC Timing Constraints
---------------------------------------------------------------------------------
---------------------------------------------------------------------------------
Finished Applying XDC Timing Constraints : Time (s): cpu = 00:00:21 ; elapsed = 00:00:21 . Memory (MB): peak = 1400.332 ; gain = 542.863 ; free physical = 460 ; free virtual = 5165
---------------------------------------------------------------------------------
---------------------------------------------------------------------------------
Finished Timing Optimization : Time (s): cpu = 00:00:21 ; elapsed = 00:00:21 . Memory (MB): peak = 1400.332 ; gain = 542.863 ; free physical = 450 ; free virtual = 5156
---------------------------------------------------------------------------------

Report RTL Partitions: 
+-+--------------+------------+----------+
| |RTL Partition |Replication |Instances |
+-+--------------+------------+----------+
+-+--------------+------------+----------+
---------------------------------------------------------------------------------
Start Technology Mapping
---------------------------------------------------------------------------------
---------------------------------------------------------------------------------
Finished Technology Mapping : Time (s): cpu = 00:00:21 ; elapsed = 00:00:21 . Memory (MB): peak = 1400.332 ; gain = 542.863 ; free physical = 450 ; free virtual = 5156
---------------------------------------------------------------------------------
Finished Parallel Technology Mapping Optimization  : Time (s): cpu = 00:00:21 ; elapsed = 00:00:21 . Memory (MB): peak = 1400.332 ; gain = 542.863 ; free physical = 450 ; free virtual = 5156

Report RTL Partitions: 
+-+--------------+------------+----------+
| |RTL Partition |Replication |Instances |
+-+--------------+------------+----------+
+-+--------------+------------+----------+
Finished Parallel Synthesis Optimization  : Time (s): cpu = 00:00:21 ; elapsed = 00:00:21 . Memory (MB): peak = 1400.332 ; gain = 542.863 ; free physical = 450 ; free virtual = 5156
---------------------------------------------------------------------------------
Start IO Insertion
---------------------------------------------------------------------------------
---------------------------------------------------------------------------------
Start Flattening Before IO Insertion
---------------------------------------------------------------------------------
---------------------------------------------------------------------------------
Finished Flattening Before IO Insertion
---------------------------------------------------------------------------------
---------------------------------------------------------------------------------
Start Final Netlist Cleanup
---------------------------------------------------------------------------------
---------------------------------------------------------------------------------
Finished Final Netlist Cleanup
---------------------------------------------------------------------------------
---------------------------------------------------------------------------------
Finished IO Insertion : Time (s): cpu = 00:00:21 ; elapsed = 00:00:22 . Memory (MB): peak = 1400.332 ; gain = 542.863 ; free physical = 450 ; free virtual = 5155
---------------------------------------------------------------------------------

Report Check Netlist: 
+------+------------------+-------+---------+-------+------------------+
|      |Item              |Errors |Warnings |Status |Description       |
+------+------------------+-------+---------+-------+------------------+
|1     |multi_driven_nets |      0|        0|Passed |Multi driven nets |
+------+------------------+-------+---------+-------+------------------+
---------------------------------------------------------------------------------
Start Renaming Generated Instances
---------------------------------------------------------------------------------
---------------------------------------------------------------------------------
Finished Renaming Generated Instances : Time (s): cpu = 00:00:21 ; elapsed = 00:00:22 . Memory (MB): peak = 1400.332 ; gain = 542.863 ; free physical = 450 ; free virtual = 5155
---------------------------------------------------------------------------------

Report RTL Partitions: 
+-+--------------+------------+----------+
| |RTL Partition |Replication |Instances |
+-+--------------+------------+----------+
+-+--------------+------------+----------+
---------------------------------------------------------------------------------
Start Rebuilding User Hierarchy
---------------------------------------------------------------------------------
---------------------------------------------------------------------------------
Finished Rebuilding User Hierarchy : Time (s): cpu = 00:00:21 ; elapsed = 00:00:22 . Memory (MB): peak = 1400.332 ; gain = 542.863 ; free physical = 450 ; free virtual = 5155
---------------------------------------------------------------------------------
---------------------------------------------------------------------------------
Start Renaming Generated Ports
---------------------------------------------------------------------------------
---------------------------------------------------------------------------------
Finished Renaming Generated Ports : Time (s): cpu = 00:00:21 ; elapsed = 00:00:22 . Memory (MB): peak = 1400.332 ; gain = 542.863 ; free physical = 450 ; free virtual = 5155
---------------------------------------------------------------------------------
---------------------------------------------------------------------------------
Start Handling Custom Attributes
---------------------------------------------------------------------------------
---------------------------------------------------------------------------------
Finished Handling Custom Attributes : Time (s): cpu = 00:00:21 ; elapsed = 00:00:22 . Memory (MB): peak = 1400.332 ; gain = 542.863 ; free physical = 450 ; free virtual = 5155
---------------------------------------------------------------------------------
---------------------------------------------------------------------------------
Start Renaming Generated Nets
---------------------------------------------------------------------------------
---------------------------------------------------------------------------------
Finished Renaming Generated Nets : Time (s): cpu = 00:00:21 ; elapsed = 00:00:22 . Memory (MB): peak = 1400.332 ; gain = 542.863 ; free physical = 450 ; free virtual = 5155
---------------------------------------------------------------------------------
---------------------------------------------------------------------------------
Start Writing Synthesis Report
---------------------------------------------------------------------------------

Report BlackBoxes: 
+-+--------------+----------+
| |BlackBox name |Instances |
+-+--------------+----------+
+-+--------------+----------+

Report Cell Usage: 
+------+-------+------+
|      |Cell   |Count |
+------+-------+------+
|1     |BUFG   |     1|
|2     |CARRY4 |     8|
|3     |LUT1   |    15|
|4     |LUT2   |     1|
|5     |LUT3   |     4|
|6     |LUT4   |    15|
|7     |LUT5   |    13|
|8     |LUT6   |    44|
|9     |FDCE   |    43|
|10    |IBUF   |    37|
|11    |OBUF   |    27|
+------+-------+------+

Report Instance Areas: 
+------+---------+-------+------+
|      |Instance |Module |Cells |
+------+---------+-------+------+
|1     |top      |       |   208|
+------+---------+-------+------+
---------------------------------------------------------------------------------
Finished Writing Synthesis Report : Time (s): cpu = 00:00:21 ; elapsed = 00:00:22 . Memory (MB): peak = 1400.332 ; gain = 542.863 ; free physical = 450 ; free virtual = 5155
---------------------------------------------------------------------------------
Synthesis finished with 0 errors, 0 critical warnings and 3 warnings.
Synthesis Optimization Runtime : Time (s): cpu = 00:00:15 ; elapsed = 00:00:15 . Memory (MB): peak = 1400.332 ; gain = 79.438 ; free physical = 450 ; free virtual = 5155
Synthesis Optimization Complete : Time (s): cpu = 00:00:21 ; elapsed = 00:00:22 . Memory (MB): peak = 1400.332 ; gain = 542.863 ; free physical = 450 ; free virtual = 5155
INFO: [Project 1-571] Translating synthesized netlist
INFO: [Netlist 29-17] Analyzing 45 Unisim elements for replacement
INFO: [Netlist 29-28] Unisim Transformation completed in 0 CPU seconds
INFO: [Project 1-570] Preparing netlist for logic optimization
INFO: [Opt 31-138] Pushed 0 inverter(s) to 0 load pin(s).
INFO: [Project 1-111] Unisim Transformation Summary:
No Unisim elements were transformed.

INFO: [Common 17-83] Releasing license: Synthesis
25 Infos, 7 Warnings, 0 Critical Warnings and 0 Errors encountered.
synth_design completed successfully
synth_design: Time (s): cpu = 00:00:21 ; elapsed = 00:00:21 . Memory (MB): peak = 1400.332 ; gain = 468.383 ; free physical = 440 ; free virtual = 5149
report_utilization: Time (s): cpu = 00:00:00.04 ; elapsed = 00:00:00.08 . Memory (MB): peak = 1432.348 ; gain = 0.000 ; free physical = 451 ; free virtual = 5162
INFO: [Common 17-206] Exiting Vivado at Sat Jun 15 16:24:56 2024...
